[capture] round 0 need=miss,grain,precise,bite log=1 failures=0
[capture]   aimed miss, got miss at 201ms
[capture]   aimed grain, got precise at 1ms
[capture]   aimed precise, got precise at 34ms
[capture]   aimed bite, got precise at 34ms
[capture] round 1 need=grain,bite log=1 failures=0
[capture]   aimed grain, got grain at 1ms
[capture]   aimed bite, got bite at -99ms
[capture] failure frame captured
[capture] playing out the run
{
  "captured": {
    "title": "title card, generated key image, tap to start",
    "first-play": {
      "over": false,
      "phase": "play",
      "score": 0,
      "logIndex": 1,
      "band": 1,
      "splits": 0,
      "failures": 0,
      "crackP": 0,
      "bandNear": 0.482,
      "bandFar": 0.662,
      "ringOpen": true,
      "errorMs": -549,
      "lastTapTier": null,
      "lastTapErrorMs": null,
      "guideVisible": true,
      "started": false,
      "elapsedMs": 0,
      "tapBudgetLeft": 5,
      "muted": false,
      "paused": false,
      "lang": "ko"
    },
    "verb-miss": {
      "over": false,
      "phase": "play",
      "score": 0,
      "logIndex": 1,
      "band": 1,
      "splits": 0,
      "failures": 0,
      "crackP": 0,
      "bandNear": 0.482,
      "bandFar": 0.662,
      "ringOpen": false,
      "errorMs": 234,
      "lastTapTier": "miss",
      "lastTapErrorMs": 201,
      "guideVisible": true,
      "started": true,
      "elapsedMs": 783,
      "tapBudgetLeft": 4,
      "muted": false,
      "paused": false,
      "lang": "ko"
    },
    "verb-precise": {
      "over": false,
      "phase": "play",
      "score": 496001,
      "logIndex": 1,
      "band": 1,
      "splits": 0,
      "failures": 0,
      "crackP": 0.191,
      "bandNear": 0.482,
      "bandFar": 0.662,
      "ringOpen": true,
      "errorMs": 1,
      "lastTapTier": "precise",
      "lastTapErrorMs": 1,
      "guideVisible": true,
      "started": true,
      "elapsedMs": 2750,
      "tapBudgetLeft": 3,
      "muted": false,
      "paused": false,
      "lang": "ko"
    },
    "verb-grain": {
      "over": false,
      "phase": "play",
      "score": 1684003,
      "logIndex": 1,
      "band": 1,
      "splits": 1,
      "failures": 0,
      "crackP": 0.572,
      "bandNear": 0.482,
      "bandFar": 0.662,
      "ringOpen": true,
      "errorMs": 1,
      "lastTapTier": "grain",
      "lastTapErrorMs": 1,
      "guideVisible": true,
      "started": true,
      "elapsedMs": 4950,
      "tapBudgetLeft": 1,
      "muted": false,
      "paused": false,
      "lang": "ko"
    },
    "verb-bite": {
      "over": false,
      "phase": "play",
      "score": 1606003,
      "logIndex": 2,
      "band": 1,
      "splits": 1,
      "failures": 0,
      "crackP": 0.159,
      "bandNear": 0.528,
      "bandFar": 0.708,
      "ringOpen": true,
      "errorMs": -99,
      "lastTapTier": "bite",
      "lastTapErrorMs": -99,
      "guideVisible": true,
      "started": true,
      "elapsedMs": 6517,
      "tapBudgetLeft": 4,
      "muted": false,
      "paused": false,
      "lang": "ko"
    },
    "failure-frame": {
      "over": false,
      "phase": "play",
      "score": 1337003,
      "logIndex": 2,
      "band": 1,
      "splits": 1,
      "failures": 1,
      "crackP": 0.159,
      "bandNear": 0.528,
      "bandFar": 0.708,
      "ringOpen": false,
      "errorMs": -516,
      "lastTapTier": "miss",
      "lastTapErrorMs": -516,
      "guideVisible": true,
      "started": true,
      "elapsedMs": 8383,
      "tapBudgetLeft": 0,
      "muted": false,
      "paused": false,
      "lang": "ko"
    },
    "guide-state": {
      "guideVisible": true,
      "splits": 1
    },
    "game-over": {
      "over": true,
      "phase": "over",
      "score": 11323008,
      "logIndex": 14,
      "band": 5,
      "splits": 11,
      "failures": 3,
      "crackP": 0.762,
      "bandNear": 0.696,
      "bandFar": 0.761,
      "ringOpen": false,
      "errorMs": -25,
      "lastTapTier": "bite",
      "lastTapErrorMs": -25,
      "guideVisible": true,
      "started": true,
      "elapsedMs": 66233,
      "tapBudgetLeft": 0,
      "muted": false,
      "paused": false,
      "lang": "ko"
    },
    "game-over-result": {
      "score": 11323008,
      "phase": 5
    },
    "lang-en": {
      "over": true,
      "phase": "over",
      "score": 11323008,
      "logIndex": 14,
      "band": 5,
      "splits": 11,
      "failures": 3,
      "crackP": 0.762,
      "bandNear": 0.696,
      "bandFar": 0.761,
      "ringOpen": false,
      "errorMs": -25,
      "lastTapTier": "bite",
      "lastTapErrorMs": -25,
      "guideVisible": true,
      "started": true,
      "elapsedMs": 66233,
      "tapBudgetLeft": 0,
      "muted": false,
      "paused": false,
      "lang": "en"
    },
    "paused": {
      "over": false,
      "phase": "play",
      "score": 0,
      "logIndex": 1,
      "band": 1,
      "splits": 0,
      "failures": 0,
      "crackP": 0,
      "bandNear": 0.697,
      "bandFar": 0.877,
      "ringOpen": true,
      "errorMs": 34,
      "lastTapTier": null,
      "lastTapErrorMs": null,
      "guideVisible": true,
      "started": true,
      "elapsedMs": 583,
      "tapBudgetLeft": 5,
      "muted": false,
      "paused": true,
      "lang": "ko"
    },
    "muted": {
      "over": false,
      "phase": "play",
      "score": 0,
      "logIndex": 1,
      "band": 1,
      "splits": 0,
      "failures": 0,
      "crackP": 0,
      "bandNear": 0.697,
      "bandFar": 0.877,
      "ringOpen": false,
      "errorMs": 434,
      "lastTapTier": null,
      "lastTapErrorMs": null,
      "guideVisible": true,
      "started": true,
      "elapsedMs": 2083,
      "tapBudgetLeft": 5,
      "muted": true,
      "paused": false,
      "lang": "ko"
    }
  },
  "errors": [],
  "missingGrades": []
}
